2026-08-28 13:12:46,701 [INFO] Chưa có data → fetch 90 ngày: 2026-05-30 → 2026-08-27
2026-08-28 13:12:47,061 [INFO] Failed to extract font properties from /usr/share/fonts/truetype/noto/NotoColorEmoji.ttf: Non-scalable fonts are not supported
2026-08-28 13:12:47,155 [INFO] generated new fontManager
2026-08-28 13:12:50,084 [INFO] Device registered: a1691119d2049e96ca73e5b8469e5a77 (version 0.0.1)
2026-08-28 13:12:56,303 [INFO] VCB: ✓ 64 dòng
2026-08-28 13:13:00,254 [INFO] VIC: ✓ 64 dòng
2026-08-28 13:13:03,524 [INFO] VHM: ✓ 64 dòng
2026-08-28 13:13:07,105 [INFO] HPG: ✓ 64 dòng
2026-08-28 13:13:10,262 [INFO] TCB: ✓ 64 dòng
2026-08-28 13:13:13,625 [INFO] MBB: ✓ 64 dòng
2026-08-28 13:13:16,322 [INFO] VNM: ✓ 64 dòng
2026-08-28 13:13:19,558 [INFO] FPT: ✓ 64 dòng
2026-08-28 13:13:23,036 [INFO] MSN: ✓ 64 dòng
2026-08-28 13:13:27,180 [INFO] BID: ✓ 64 dòng
2026-08-28 13:13:27,180 [INFO] === Xong: 10/10 tickers | 640 dòng mới ===
2026-08-31 11:07:15,033 [INFO] Fetch từ 2026-08-28 → 2026-08-30
2026-08-31 11:07:15,760 [INFO] Failed to extract font properties from /usr/share/fonts/truetype/noto/NotoColorEmoji.ttf: Non-scalable fonts are not supported
2026-08-31 11:07:15,837 [INFO] generated new fontManager
2026-08-31 11:07:18,100 [INFO] Device registered: a1691119d2049e96ca73e5b8469e5a77 (version 0.0.1)
2026-08-31 11:07:24,477 [INFO] VCB: ✓ 1 dòng
2026-08-31 11:07:27,609 [INFO] VIC: ✓ 1 dòng
2026-08-31 11:07:30,537 [INFO] VHM: ✓ 1 dòng
2026-08-31 11:07:33,759 [INFO] HPG: ✓ 1 dòng
2026-08-31 11:07:36,945 [INFO] TCB: ✓ 1 dòng
2026-08-31 11:07:39,477 [INFO] MBB: ✓ 1 dòng
2026-08-31 11:07:42,347 [INFO] VNM: ✓ 1 dòng
2026-08-31 11:07:45,530 [INFO] FPT: ✓ 1 dòng
2026-08-31 11:07:49,344 [INFO] MSN: ✓ 1 dòng
2026-08-31 11:07:52,161 [INFO] BID: ✓ 1 dòng
2026-08-31 11:07:52,161 [INFO] === Xong: 10/10 tickers | 10 dòng mới ===
2026-09-01 11:12:42,187 [INFO] Fetch từ 2026-08-29 → 2026-08-31
2026-09-01 11:12:42,689 [INFO] Failed to extract font properties from /usr/share/fonts/truetype/noto/NotoColorEmoji.ttf: Non-scalable fonts are not supported
2026-09-01 11:12:42,731 [INFO] generated new fontManager
2026-09-01 11:12:45,458 [INFO] Device registered: a1691119d2049e96ca73e5b8469e5a77 (version 0.0.1)
2026-09-01 11:12:52,423 [WARNING] VCB: Không có data trong khoảng này
2026-09-01 11:12:56,502 [WARNING] VIC: Không có data trong khoảng này
2026-09-01 11:13:00,584 [WARNING] VHM: Không có data trong khoảng này
2026-09-01 11:13:04,219 [WARNING] HPG: Không có data trong khoảng này
2026-09-01 11:13:07,867 [WARNING] TCB: Không có data trong khoảng này
2026-09-01 11:13:11,198 [WARNING] MBB: Không có data trong khoảng này
2026-09-01 11:13:14,824 [WARNING] VNM: Không có data trong khoảng này
2026-09-01 11:13:18,353 [WARNING] FPT: Không có data trong khoảng này
2026-09-01 11:13:23,444 [WARNING] MSN: Không có data trong khoảng này
2026-09-01 11:13:28,225 [WARNING] BID: Không có data trong khoảng này
2026-09-01 11:13:28,225 [INFO] === Xong: 0/10 tickers | 0 dòng mới ===
2026-09-02 11:12:50,522 [INFO] Fetch từ 2026-08-29 → 2026-09-01
2026-09-02 11:12:50,947 [INFO] Failed to extract font properties from /usr/share/fonts/truetype/noto/NotoColorEmoji.ttf: Non-scalable fonts are not supported
2026-09-02 11:12:51,102 [INFO] generated new fontManager
2026-09-02 11:12:53,524 [INFO] Device registered: a1691119d2049e96ca73e5b8469e5a77 (version 0.0.1)
2026-09-02 11:12:58,469 [WARNING] VCB: Không có data trong khoảng này
2026-09-02 11:13:01,847 [WARNING] VIC: Không có data trong khoảng này
2026-09-02 11:13:04,888 [WARNING] VHM: Không có data trong khoảng này
2026-09-02 11:13:08,085 [WARNING] HPG: Không có data trong khoảng này
2026-09-02 11:13:11,075 [WARNING] TCB: Không có data trong khoảng này
2026-09-02 11:13:14,263 [WARNING] MBB: Không có data trong khoảng này
2026-09-02 11:13:17,501 [WARNING] VNM: Không có data trong khoảng này
2026-09-02 11:13:20,284 [WARNING] FPT: Không có data trong khoảng này
2026-09-02 11:13:23,734 [WARNING] MSN: Không có data trong khoảng này
2026-09-02 11:13:26,654 [WARNING] BID: Không có data trong khoảng này
2026-09-02 11:13:26,654 [INFO] === Xong: 0/10 tickers | 0 dòng mới ===
2026-09-03 11:12:48,660 [INFO] Fetch từ 2026-08-29 → 2026-09-02
2026-09-03 11:12:49,538 [INFO] Failed to extract font properties from /usr/share/fonts/truetype/noto/NotoColorEmoji.ttf: Non-scalable fonts are not supported
2026-09-03 11:12:50,160 [INFO] generated new fontManager
2026-09-03 11:12:52,550 [INFO] Device registered: a1691119d2049e96ca73e5b8469e5a77 (version 0.0.1)
2026-09-03 11:12:57,962 [WARNING] VCB: Không có data trong khoảng này
2026-09-03 11:13:00,551 [WARNING] VIC: Không có data trong khoảng này
2026-09-03 11:13:03,600 [WARNING] VHM: Không có data trong khoảng này
2026-09-03 11:13:06,182 [WARNING] HPG: Không có data trong khoảng này
2026-09-03 11:13:09,198 [WARNING] TCB: Không có data trong khoảng này
2026-09-03 11:13:11,834 [WARNING] MBB: Không có data trong khoảng này
2026-09-03 11:13:14,237 [WARNING] VNM: Không có data trong khoảng này
2026-09-03 11:13:16,706 [WARNING] FPT: Không có data trong khoảng này
2026-09-03 11:13:19,121 [WARNING] MSN: Không có data trong khoảng này
2026-09-03 11:13:22,576 [WARNING] BID: Không có data trong khoảng này
2026-09-03 11:13:22,576 [INFO] === Xong: 0/10 tickers | 0 dòng mới ===
2026-09-04 11:12:48,097 [INFO] Fetch từ 2026-08-29 → 2026-09-03
2026-09-04 11:12:49,324 [INFO] Failed to extract font properties from /usr/share/fonts/truetype/noto/NotoColorEmoji.ttf: Non-scalable fonts are not supported
2026-09-04 11:12:52,219 [INFO] generated new fontManager
2026-09-04 11:12:54,550 [INFO] Device registered: 73771c5ea2a9dbf45599cbbbd498368f (version 0.0.1)
2026-09-04 11:13:00,011 [INFO] VCB: ✓ 1 dòng
2026-09-04 11:13:03,110 [INFO] VIC: ✓ 1 dòng
2026-09-04 11:13:06,271 [INFO] VHM: ✓ 1 dòng
2026-09-04 11:13:09,656 [INFO] HPG: ✓ 1 dòng
2026-09-04 11:13:12,885 [INFO] TCB: ✓ 1 dòng
2026-09-04 11:13:16,064 [INFO] MBB: ✓ 1 dòng
2026-09-04 11:13:18,686 [INFO] VNM: ✓ 1 dòng
2026-09-04 11:13:21,502 [INFO] FPT: ✓ 1 dòng
2026-09-04 11:13:24,872 [INFO] MSN: ✓ 1 dòng
2026-09-04 11:13:28,616 [INFO] BID: ✓ 1 dòng
2026-09-04 11:13:28,616 [INFO] === Xong: 10/10 tickers | 10 dòng mới ===
2026-09-07 11:13:49,353 [INFO] Fetch từ 2026-09-04 → 2026-09-06
2026-09-07 11:13:49,816 [INFO] Failed to extract font properties from /usr/share/fonts/truetype/noto/NotoColorEmoji.ttf: Non-scalable fonts are not supported
2026-09-07 11:13:49,842 [INFO] generated new fontManager
2026-09-07 11:13:52,366 [INFO] Device registered: 73771c5ea2a9dbf45599cbbbd498368f (version 0.0.1)
2026-09-07 11:13:58,002 [INFO] VCB: ✓ 1 dòng
2026-09-07 11:14:01,558 [INFO] VIC: ✓ 1 dòng
2026-09-07 11:14:04,366 [INFO] VHM: ✓ 1 dòng
2026-09-07 11:14:07,846 [INFO] HPG: ✓ 1 dòng
2026-09-07 11:14:10,832 [INFO] TCB: ✓ 1 dòng
2026-09-07 11:14:14,208 [INFO] MBB: ✓ 1 dòng
2026-09-07 11:14:17,483 [INFO] VNM: ✓ 1 dòng
2026-09-07 11:14:20,186 [INFO] FPT: ✓ 1 dòng
2026-09-07 11:14:23,902 [INFO] MSN: ✓ 1 dòng
2026-09-07 11:14:27,924 [INFO] BID: ✓ 1 dòng
2026-09-07 11:14:27,924 [INFO] === Xong: 10/10 tickers | 10 dòng mới ===
2026-09-08 14:58:52,087 [INFO] Fetch từ 2026-09-05 → 2026-09-07
2026-09-08 14:58:52,449 [INFO] Failed to extract font properties from /usr/share/fonts/truetype/noto/NotoColorEmoji.ttf: Non-scalable fonts are not supported
2026-09-08 14:58:52,531 [INFO] generated new fontManager
2026-09-08 14:58:55,705 [INFO] Device registered: 73771c5ea2a9dbf45599cbbbd498368f (version 0.0.1)
2026-09-08 14:59:02,756 [INFO] VCB: ✓ 1 dòng
2026-09-08 14:59:06,191 [INFO] VIC: ✓ 1 dòng
2026-09-08 14:59:10,602 [INFO] VHM: ✓ 1 dòng
2026-09-08 14:59:14,190 [INFO] HPG: ✓ 1 dòng
2026-09-08 14:59:17,367 [INFO] TCB: ✓ 1 dòng
2026-09-08 14:59:20,343 [INFO] MBB: ✓ 1 dòng
2026-09-08 14:59:23,701 [INFO] VNM: ✓ 1 dòng
2026-09-08 14:59:26,835 [INFO] FPT: ✓ 1 dòng
2026-09-08 14:59:30,455 [INFO] MSN: ✓ 1 dòng
2026-09-08 14:59:34,010 [INFO] BID: ✓ 1 dòng
2026-09-08 14:59:34,010 [INFO] === Xong: 10/10 tickers | 10 dòng mới ===
2026-09-09 15:02:51,763 [INFO] Fetch từ 2026-09-08 → 2026-09-08
2026-09-09 15:02:53,923 [INFO] Failed to extract font properties from /usr/share/fonts/truetype/noto/NotoColorEmoji.ttf: Non-scalable fonts are not supported
2026-09-09 15:02:54,296 [INFO] generated new fontManager
2026-09-09 15:02:56,688 [INFO] Device registered: 9990f92d03594fdcf5aeb9cbcf71abcb (version 0.0.1)
2026-09-09 15:03:01,761 [INFO] VCB: ✓ 1 dòng
2026-09-09 15:03:05,022 [INFO] VIC: ✓ 1 dòng
2026-09-09 15:03:07,599 [INFO] VHM: ✓ 1 dòng
2026-09-09 15:03:10,349 [INFO] HPG: ✓ 1 dòng
2026-09-09 15:03:13,194 [INFO] TCB: ✓ 1 dòng
2026-09-09 15:03:15,768 [INFO] MBB: ✓ 1 dòng
2026-09-09 15:03:18,209 [INFO] VNM: ✓ 1 dòng
2026-09-09 15:03:20,611 [INFO] FPT: ✓ 1 dòng
2026-09-09 15:03:23,189 [INFO] MSN: ✓ 1 dòng
2026-09-09 15:03:25,599 [INFO] BID: ✓ 1 dòng
2026-09-09 15:03:25,599 [INFO] === Xong: 10/10 tickers | 10 dòng mới ===
2026-09-10 14:55:12,993 [INFO] Fetch từ 2026-09-09 → 2026-09-09
2026-09-10 14:55:13,487 [INFO] Failed to extract font properties from /usr/share/fonts/truetype/noto/NotoColorEmoji.ttf: Non-scalable fonts are not supported
2026-09-10 14:55:13,506 [INFO] generated new fontManager
2026-09-10 14:55:15,650 [INFO] Device registered: 9990f92d03594fdcf5aeb9cbcf71abcb (version 0.0.1)
2026-09-10 14:55:20,546 [INFO] VCB: ✓ 1 dòng
2026-09-10 14:55:23,671 [INFO] VIC: ✓ 1 dòng
2026-09-10 14:55:26,990 [INFO] VHM: ✓ 1 dòng
2026-09-10 14:55:29,826 [INFO] HPG: ✓ 1 dòng
2026-09-10 14:55:32,817 [INFO] TCB: ✓ 1 dòng
2026-09-10 14:55:35,388 [INFO] MBB: ✓ 1 dòng
2026-09-10 14:55:38,429 [INFO] VNM: ✓ 1 dòng
2026-09-10 14:55:41,256 [INFO] FPT: ✓ 1 dòng
2026-09-10 14:55:44,063 [INFO] MSN: ✓ 1 dòng
2026-09-10 14:55:47,193 [INFO] BID: ✓ 1 dòng
2026-09-10 14:55:47,194 [INFO] === Xong: 10/10 tickers | 10 dòng mới ===
